2026-08-17T03:30:21Z INF Thank you for trying Cloudflare Tunnel. Doing so, without a Cloudflare account, is a quick way to experiment and try it out. However, be aware that these account-less Tunnels have no uptime guarantee, are subject to the Cloudflare Online Services Terms of Use (https://www.cloudflare.com/website-terms/), and Cloudflare reserves the right to investigate your use of Tunnels for violations of such terms. If you intend to use Tunnels in production you should use a pre-created named tunnel by following: https://developers.cloudflare.com/cloudflare-one/connections/connect-apps
2026-08-17T03:30:21Z INF Requesting new quick Tunnel on trycloudflare.com...
2026-08-17T03:30:26Z INF +--------------------------------------------------------------------------------------------+
2026-08-17T03:30:26Z INF |  Your quick Tunnel has been created! Visit it at (it may take some time to be reachable):  |
2026-08-17T03:30:26Z INF |  https://barnes-shakira-badly-korean.trycloudflare.com                                     |
2026-08-17T03:30:26Z INF +--------------------------------------------------------------------------------------------+
2026-08-17T03:30:26Z INF Cannot determine default configuration path. No file [config.yml config.yaml] in [~/.cloudflared ~/.cloudflare-warp ~/cloudflare-warp]
2026-08-17T03:30:26Z INF Version 2026.8.2 (Checksum c29eee2b121f5436a642eed69fd9767da7e7b8c510fa50aaa130337f931357b5)
2026-08-17T03:30:26Z INF GOOS: windows, GOVersion: go1.26.4, GoArch: amd64
2026-08-17T03:30:26Z INF Settings: map[ha-connections:1 no-autoupdate:true protocol:quic url:http://127.0.0.1:22080]
2026-08-17T03:30:26Z INF cloudflared will not automatically update on Windows systems.
2026-08-17T03:30:26Z INF Generated Connector ID: 076114a6-6596-4b6a-a19b-026cf98ee097
2026-08-17T03:30:26Z INF Initial protocol quic
2026-08-17T03:30:26Z INF ICMP proxy will use 192.168.96.93 as source for IPv4
2026-08-17T03:30:26Z INF ICMP proxy will use fe80::61bd:eb0b:894b:2b8c in zone 以太网 as source for IPv6
2026-08-17T03:30:26Z INF cloudflared does not support loading the system root certificate pool on Windows. Please use --origin-ca-pool <PATH> to specify the path to the certificate pool
2026-08-17T03:30:26Z INF ICMP proxy will use 192.168.96.93 as source for IPv4
2026-08-17T03:30:26Z INF Tunnel connection curve preferences: [X25519MLKEM768 CurveID(65074) CurveP256] connIndex=0 event=0 ip=198.41.192.77
2026-08-17T03:30:26Z INF ICMP proxy will use fe80::61bd:eb0b:894b:2b8c in zone 以太网 as source for IPv6
2026-08-17T03:30:26Z INF Starting metrics server on 127.0.0.1:20243/metrics
2026-08-17T03:30:26Z INF Registered tunnel connection connIndex=0 connection=b3bf73f3-9f5b-42d5-8c25-06f3a709702c event=0 ip=198.41.192.77 location=lax10 protocol=quic
2026-08-17T03:30:36Z INF +-----------------------------------------------------------------------------------------------+
2026-08-17T03:30:36Z INF |                                    CONNECTIVITY PRE-CHECKS                                    |
2026-08-17T03:30:36Z INF +-----------------------------------------------------------------------------------------------+
2026-08-17T03:30:36Z INF |  COMPONENT         TARGET                     STATUS  DETAILS                                 |
2026-08-17T03:30:36Z INF |  DNS Resolution    region1.v2.argotunnel.com  PASS    DNS Resolved successfully               |
2026-08-17T03:30:36Z INF |  DNS Resolution    region2.v2.argotunnel.com  PASS    DNS Resolved successfully               |
2026-08-17T03:30:36Z INF |  UDP Connectivity  region1.v2.argotunnel.com  PASS    QUIC connection successful              |
2026-08-17T03:30:36Z INF |  UDP Connectivity  region2.v2.argotunnel.com  FAIL    QUIC connection failed                  |
2026-08-17T03:30:36Z INF |  TCP Connectivity  region1.v2.argotunnel.com  PASS    HTTP/2 connection successful            |
2026-08-17T03:30:36Z INF |  TCP Connectivity  region2.v2.argotunnel.com  PASS    HTTP/2 connection successful            |
2026-08-17T03:30:36Z INF |  Cloudflare API    api.cloudflare.com:443     PASS    API is reachable                        |
2026-08-17T03:30:36Z INF |  WARNING: Allow outbound QUIC traffic on port 7844 or use HTTP2.                              |
2026-08-17T03:30:36Z INF |                                                                                               |
2026-08-17T03:30:36Z INF |  SUMMARY: Environment ready with degraded transport. cloudflared will proceed using 'http2'.  |
2026-08-17T03:30:36Z INF +-----------------------------------------------------------------------------------------------+
2026-08-17T03:30:36Z INF precheck component="DNS Resolution" details="DNS Resolved successfully" run_id=7e3a6370-2bb2-457e-b2d6-af740087b92d status=pass target=region1.v2.argotunnel.com
2026-08-17T03:30:36Z INF precheck component="DNS Resolution" details="DNS Resolved successfully" run_id=7e3a6370-2bb2-457e-b2d6-af740087b92d status=pass target=region2.v2.argotunnel.com
2026-08-17T03:30:36Z INF precheck component="UDP Connectivity" details="QUIC connection successful" run_id=7e3a6370-2bb2-457e-b2d6-af740087b92d status=pass target=region1.v2.argotunnel.com
2026-08-17T03:30:36Z INF precheck component="UDP Connectivity" details="QUIC connection failed" run_id=7e3a6370-2bb2-457e-b2d6-af740087b92d status=fail target=region2.v2.argotunnel.com
2026-08-17T03:30:36Z INF precheck component="TCP Connectivity" details="HTTP/2 connection successful" run_id=7e3a6370-2bb2-457e-b2d6-af740087b92d status=pass target=region1.v2.argotunnel.com
2026-08-17T03:30:36Z INF precheck component="TCP Connectivity" details="HTTP/2 connection successful" run_id=7e3a6370-2bb2-457e-b2d6-af740087b92d status=pass target=region2.v2.argotunnel.com
2026-08-17T03:30:36Z INF precheck component="Cloudflare API" details="API is reachable" run_id=7e3a6370-2bb2-457e-b2d6-af740087b92d status=pass target=api.cloudflare.com:443
2026-08-17T03:30:36Z INF precheck complete hard_fail=false run_id=7e3a6370-2bb2-457e-b2d6-af740087b92d suggested_protocol=http2
